

> @step13/bot@0.1.0 build /home/dreamdh/works/git/step13/packages/bot
> tsc

[96msrc/analyze_log.test.ts[0m:[93m3[0m:[93m22[0m - [91merror[0m[90m TS6059: [0mFile '/home/dreamdh/works/git/step13/packages/proto/src/index.ts' is not under 'rootDir' '/home/dreamdh/works/git/step13/packages/bot/src'. 'rootDir' is expected to contain all source files.
  The file is in the program because:
    Imported via '../../proto/src' from file '/home/dreamdh/works/git/step13/packages/bot/src/analyze_log.test.ts'
    Imported via '../../proto/src' from file '/home/dreamdh/works/git/step13/packages/bot/src/reproduce_issue.test.ts'

[7m3[0m import { Tile } from '../../proto/src';
[7m [0m [91m                     ~~~~~~~~~~~~~~~~~[0m

  [96msrc/reproduce_issue.test.ts[0m:[93m4[0m:[93m22[0m
    [7m4[0m import { Tile } from '../../proto/src';
    [7m [0m [96m                     ~~~~~~~~~~~~~~~~~[0m
    File is included via import here.

[96msrc/analyze_log.test.ts[0m:[93m4[0m:[93m49[0m - [91merror[0m[90m TS6059: [0mFile '/home/dreamdh/works/git/step13/packages/scoring/src/index.ts' is not under 'rootDir' '/home/dreamdh/works/git/step13/packages/bot/src'. 'rootDir' is expected to contain all source files.

[7m4[0m import { evaluateHandQuality, Difficulty } from '../../scoring/src';
[7m [0m [91m                                                ~~~~~~~~~~~~~~~~~~~[0m

[96msrc/analyze_log.test.ts[0m:[93m5[0m:[93m37[0m - [91merror[0m[90m TS2307: [0mCannot find module '../../../apps/web/src/lib/handAnalysis' or its corresponding type declarations.

[7m5[0m import { buildBestCandidates } from '../../../apps/web/src/lib/handAnalysis';
[7m [0m [91m                                    ~~~~~~~~~~~~~~~~~~~~~~~~~~~~~~~~~~~~~~~~[0m

[96msrc/analyze_log.test.ts[0m:[93m59[0m:[93m29[0m - [91merror[0m[90m TS7006: [0mParameter 'c' implicitly has an 'any' type.

[7m59[0m         candidates.forEach((c, idx) => {
[7m  [0m [91m                            ~[0m

[96msrc/analyze_log.test.ts[0m:[93m59[0m:[93m32[0m - [91merror[0m[90m TS7006: [0mParameter 'idx' implicitly has an 'any' type.

[7m59[0m         candidates.forEach((c, idx) => {
[7m  [0m [91m                               ~~~[0m

[96msrc/reproduce_issue.test.ts[0m:[93m5[0m:[93m29[0m - [91merror[0m[90m TS6059: [0mFile '/home/dreamdh/works/git/step13/packages/core/src/index.ts' is not under 'rootDir' '/home/dreamdh/works/git/step13/packages/bot/src'. 'rootDir' is expected to contain all source files.

[7m5[0m import { GameContext } from '../../core/src';
[7m [0m [91m                            ~~~~~~~~~~~~~~~~[0m

[96msrc/reproduce_issue.test.ts[0m:[93m13[0m:[93m20[0m - [91merror[0m[90m TS2322: [0mType 'number' is not assignable to type '4 | 1 | 2 | 3 | 5 | 6 | 7 | 8 | 9'.

[7m13[0m     return { suit, rank, isRed: false };
[7m  [0m [91m                   ~~~~[0m

  [96m../proto/src/types.ts[0m:[93m18[0m:[93m5[0m
    [7m18[0m     rank: RankSchema,
    [7m  [0m [96m    ~~~~~~~~~~~~~~~~[0m
    The expected type comes from property 'rank' which is declared here on type '{ suit: "man" | "pin" | "sou" | "z"; rank: 4 | 1 | 2 | 3 | 5 | 6 | 7 | 8 | 9; isRed: boolean; id?: string | undefined; }'

[96m../core/src/engine/defaultEngine.ts[0m:[93m5[0m:[93m48[0m - [91merror[0m[90m TS6059: [0mFile '/home/dreamdh/works/git/step13/packages/core/src/utils.ts' is not under 'rootDir' '/home/dreamdh/works/git/step13/packages/bot/src'. 'rootDir' is expected to contain all source files.

[7m5[0m import { generateTiles, shuffleWithSeed } from '../utils';
[7m [0m [91m                                               ~~~~~~~~~~[0m

[96m../core/src/engine/defaultEngine.ts[0m:[93m6[0m:[93m70[0m - [91merror[0m[90m TS6059: [0mFile '/home/dreamdh/works/git/step13/packages/core/src/engine/types.ts' is not under 'rootDir' '/home/dreamdh/works/git/step13/packages/bot/src'. 'rootDir' is expected to contain all source files.
  The file is in the program because:
    Imported via './types' from file '/home/dreamdh/works/git/step13/packages/core/src/engine/defaultEngine.ts'
    Imported via './types' from file '/home/dreamdh/works/git/step13/packages/core/src/engine/rulesets.ts'
    Imported via './engine/types' from file '/home/dreamdh/works/git/step13/packages/core/src/machine.ts'
    Imported via './engine/types' from file '/home/dreamdh/works/git/step13/packages/core/src/index.ts'

[7m6[0m import { DealResult, DealerSelection, GameEngine, RoundResult } from './types';
[7m [0m [91m                                                                     ~~~~~~~~~[0m

  [96m../core/src/engine/rulesets.ts[0m:[93m3[0m:[93m28[0m
    [7m3[0m import { GameEngine } from './types';
    [7m [0m [96m                           ~~~~~~~~~[0m
    File is included via import here.
  [96m../core/src/machine.ts[0m:[93m5[0m:[93m28[0m
    [7m5[0m import { GameEngine } from './engine/types';
    [7m [0m [96m                           ~~~~~~~~~~~~~~~~[0m
    File is included via import here.
  [96m../core/src/index.ts[0m:[93m6[0m:[93m15[0m
    [7m6[0m export * from './engine/types';
    [7m [0m [96m              ~~~~~~~~~~~~~~~~[0m
    File is included via import here.

[96m../core/src/engine/rulesets.ts[0m:[93m2[0m:[93m37[0m - [91merror[0m[90m TS6059: [0mFile '/home/dreamdh/works/git/step13/packages/core/src/engine/defaultEngine.ts' is not under 'rootDir' '/home/dreamdh/works/git/step13/packages/bot/src'. 'rootDir' is expected to contain all source files.
  The file is in the program because:
    Imported via './defaultEngine' from file '/home/dreamdh/works/git/step13/packages/core/src/engine/rulesets.ts'
    Imported via './engine/defaultEngine' from file '/home/dreamdh/works/git/step13/packages/core/src/index.ts'

[7m2[0m import { createDefaultEngine } from './defaultEngine';
[7m [0m [91m                                    ~~~~~~~~~~~~~~~~~[0m

  [96m../core/src/index.ts[0m:[93m5[0m:[93m15[0m
    [7m5[0m export * from './engine/defaultEngine';
    [7m [0m [96m              ~~~~~~~~~~~~~~~~~~~~~~~~[0m
    File is included via import here.

[96m../core/src/index.ts[0m:[93m1[0m:[93m15[0m - [91merror[0m[90m TS6059: [0mFile '/home/dreamdh/works/git/step13/packages/core/src/messages.ts' is not under 'rootDir' '/home/dreamdh/works/git/step13/packages/bot/src'. 'rootDir' is expected to contain all source files.
  The file is in the program because:
    Imported via './messages' from file '/home/dreamdh/works/git/step13/packages/core/src/index.ts'
    Imported via './messages' from file '/home/dreamdh/works/git/step13/packages/core/src/machine.ts'
    Imported via '../messages' from file '/home/dreamdh/works/git/step13/packages/core/src/engine/defaultEngine.ts'
    Imported via '../messages' from file '/home/dreamdh/works/git/step13/packages/core/src/engine/types.ts'
    Imported via './messages' from file '/home/dreamdh/works/git/step13/packages/core/src/replayMachine.ts'

[7m1[0m export * from './messages';
[7m [0m [91m              ~~~~~~~~~~~~[0m

  [96m../core/src/machine.ts[0m:[93m2[0m:[93m41[0m
    [7m2[0m import { GameContext, GameEvents } from './messages';
    [7m [0m [96m                                        ~~~~~~~~~~~~[0m
    File is included via import here.
  [96m../core/src/engine/defaultEngine.ts[0m:[93m3[0m:[93m41[0m
    [7m3[0m import { GameContext, GameEvents } from '../messages';
    [7m [0m [96m                                        ~~~~~~~~~~~~~[0m
    File is included via import here.
  [96m../core/src/engine/types.ts[0m:[93m3[0m:[93m41[0m
    [7m3[0m import { GameContext, GameEvents } from '../messages';
    [7m [0m [96m                                        ~~~~~~~~~~~~~[0m
    File is included via import here.
  [96m../core/src/replayMachine.ts[0m:[93m3[0m:[93m41[0m
    [7m3[0m import { GameContext, GameEvents } from './messages';
    [7m [0m [96m                                        ~~~~~~~~~~~~[0m
    File is included via import here.

[96m../core/src/index.ts[0m:[93m2[0m:[93m15[0m - [91merror[0m[90m TS6059: [0mFile '/home/dreamdh/works/git/step13/packages/core/src/machine.ts' is not under 'rootDir' '/home/dreamdh/works/git/step13/packages/bot/src'. 'rootDir' is expected to contain all source files.
  The file is in the program because:
    Imported via './machine' from file '/home/dreamdh/works/git/step13/packages/core/src/index.ts'
    Imported via './machine' from file '/home/dreamdh/works/git/step13/packages/core/src/replayMachine.ts'

[7m2[0m export * from './machine';
[7m [0m [91m              ~~~~~~~~~~~[0m

  [96m../core/src/replayMachine.ts[0m:[93m4[0m:[93m29[0m
    [7m4[0m import { gameMachine } from './machine';
    [7m [0m [96m                            ~~~~~~~~~~~[0m
    File is included via import here.

[96m../core/src/index.ts[0m:[93m3[0m:[93m15[0m - [91merror[0m[90m TS6059: [0mFile '/home/dreamdh/works/git/step13/packages/core/src/replayMachine.ts' is not under 'rootDir' '/home/dreamdh/works/git/step13/packages/bot/src'. 'rootDir' is expected to contain all source files.

[7m3[0m export * from './replayMachine';
[7m [0m [91m              ~~~~~~~~~~~~~~~~~[0m

[96m../core/src/machine.ts[0m:[93m4[0m:[93m53[0m - [91merror[0m[90m TS6059: [0mFile '/home/dreamdh/works/git/step13/packages/core/src/engine/rulesets.ts' is not under 'rootDir' '/home/dreamdh/works/git/step13/packages/bot/src'. 'rootDir' is expected to contain all source files.
  The file is in the program because:
    Imported via './engine/rulesets' from file '/home/dreamdh/works/git/step13/packages/core/src/machine.ts'
    Imported via './engine/rulesets' from file '/home/dreamdh/works/git/step13/packages/core/src/index.ts'

[7m4[0m import { createEngineForRuleset, RulesetName } from './engine/rulesets';
[7m [0m [91m                                                    ~~~~~~~~~~~~~~~~~~~[0m

  [96m../core/src/index.ts[0m:[93m7[0m:[93m15[0m
    [7m7[0m export * from './engine/rulesets';
    [7m [0m [96m              ~~~~~~~~~~~~~~~~~~~[0m
    File is included via import here.

[96m../core/src/messages.ts[0m:[93m3[0m:[93m26[0m - [91merror[0m[90m TS6059: [0mFile '/home/dreamdh/works/git/step13/packages/core/src/rules.ts' is not under 'rootDir' '/home/dreamdh/works/git/step13/packages/bot/src'. 'rootDir' is expected to contain all source files.
  The file is in the program because:
    Imported via './rules' from file '/home/dreamdh/works/git/step13/packages/core/src/messages.ts'
    Imported via './rules' from file '/home/dreamdh/works/git/step13/packages/core/src/machine.ts'
    Imported via '../rules' from file '/home/dreamdh/works/git/step13/packages/core/src/engine/defaultEngine.ts'
    Imported via '../rules' from file '/home/dreamdh/works/git/step13/packages/core/src/engine/types.ts'
    Imported via './rules' from file '/home/dreamdh/works/git/step13/packages/core/src/index.ts'

[7m3[0m import { WindSeat } from './rules';
[7m [0m [91m                         ~~~~~~~~~[0m

  [96m../core/src/machine.ts[0m:[93m3[0m:[93m23[0m
    [7m3[0m import { RULES } from './rules';
    [7m [0m [96m                      ~~~~~~~~~[0m
    File is included via import here.
  [96m../core/src/engine/defaultEngine.ts[0m:[93m4[0m:[93m33[0m
    [7m4[0m import { RULES, WindSeat } from '../rules';
    [7m [0m [96m                                ~~~~~~~~~~[0m
    File is included via import here.
  [96m../core/src/engine/types.ts[0m:[93m4[0m:[93m26[0m
    [7m4[0m import { WindSeat } from '../rules';
    [7m [0m [96m                         ~~~~~~~~~~[0m
    File is included via import here.
  [96m../core/src/index.ts[0m:[93m4[0m:[93m15[0m
    [7m4[0m export * from './rules';
    [7m [0m [96m              ~~~~~~~~~[0m
    File is included via import here.

[96m../proto/src/index.ts[0m:[93m1[0m:[93m15[0m - [91merror[0m[90m TS6059: [0mFile '/home/dreamdh/works/git/step13/packages/proto/src/types.ts' is not under 'rootDir' '/home/dreamdh/works/git/step13/packages/bot/src'. 'rootDir' is expected to contain all source files.

[7m1[0m export * from './types';
[7m [0m [91m              ~~~~~~~~~[0m

[96m../scoring/src/index.ts[0m:[93m1[0m:[93m15[0m - [91merror[0m[90m TS6059: [0mFile '/home/dreamdh/works/git/step13/packages/scoring/src/points.ts' is not under 'rootDir' '/home/dreamdh/works/git/step13/packages/bot/src'. 'rootDir' is expected to contain all source files.

[7m1[0m export * from './points';
[7m [0m [91m              ~~~~~~~~~~[0m

[96m../scoring/src/index.ts[0m:[93m3[0m:[93m15[0m - [91merror[0m[90m TS6059: [0mFile '/home/dreamdh/works/git/step13/packages/scoring/src/analysis.ts' is not under 'rootDir' '/home/dreamdh/works/git/step13/packages/bot/src'. 'rootDir' is expected to contain all source files.

[7m3[0m export * from './analysis';
[7m [0m [91m              ~~~~~~~~~~~~[0m

[96m../scoring/src/index.ts[0m:[93m4[0m:[93m15[0m - [91merror[0m[90m TS6059: [0mFile '/home/dreamdh/works/git/step13/packages/scoring/src/benchmark.ts' is not under 'rootDir' '/home/dreamdh/works/git/step13/packages/bot/src'. 'rootDir' is expected to contain all source files.

[7m4[0m export * from './benchmark';
[7m [0m [91m              ~~~~~~~~~~~~~[0m

[96m../scoring/src/index.ts[0m:[93m5[0m:[93m15[0m - [91merror[0m[90m TS6059: [0mFile '/home/dreamdh/works/git/step13/packages/scoring/src/structure.ts' is not under 'rootDir' '/home/dreamdh/works/git/step13/packages/bot/src'. 'rootDir' is expected to contain all source files.
  The file is in the program because:
    Imported via './structure' from file '/home/dreamdh/works/git/step13/packages/scoring/src/index.ts'
    Imported via './structure' from file '/home/dreamdh/works/git/step13/packages/scoring/src/heuristics.ts'

[7m5[0m export * from './structure';
[7m [0m [91m              ~~~~~~~~~~~~~[0m

  [96m../scoring/src/heuristics.ts[0m:[93m3[0m:[93m60[0m
    [7m3[0m import { HandStructure, analyzeStructure, HandBlock } from './structure';
    [7m [0m [96m                                                           ~~~~~~~~~~~~~[0m
    File is included via import here.

[96m../scoring/src/index.ts[0m:[93m6[0m:[93m15[0m - [91merror[0m[90m TS6059: [0mFile '/home/dreamdh/works/git/step13/packages/scoring/src/heuristics.ts' is not under 'rootDir' '/home/dreamdh/works/git/step13/packages/bot/src'. 'rootDir' is expected to contain all source files.

[7m6[0m export * from './heuristics';
[7m [0m [91m              ~~~~~~~~~~~~~~[0m

[96m../scoring/src/points.ts[0m:[93m2[0m:[93m34[0m - [91merror[0m[90m TS6059: [0mFile '/home/dreamdh/works/git/step13/packages/scoring/src/shanten.ts' is not under 'rootDir' '/home/dreamdh/works/git/step13/packages/bot/src'. 'rootDir' is expected to contain all source files.
  The file is in the program because:
    Imported via './shanten' from file '/home/dreamdh/works/git/step13/packages/scoring/src/points.ts'
    Imported via './shanten' from file '/home/dreamdh/works/git/step13/packages/scoring/src/index.ts'
    Imported via './shanten' from file '/home/dreamdh/works/git/step13/packages/scoring/src/analysis.ts'
    Imported via './shanten' from file '/home/dreamdh/works/git/step13/packages/scoring/src/benchmark.ts'

[7m2[0m import { calculateShanten } from './shanten';
[7m [0m [91m                                 ~~~~~~~~~~~[0m

  [96m../scoring/src/index.ts[0m:[93m2[0m:[93m15[0m
    [7m2[0m export * from './shanten';
    [7m [0m [96m              ~~~~~~~~~~~[0m
    File is included via import here.
  [96m../scoring/src/analysis.ts[0m:[93m3[0m:[93m34[0m
    [7m3[0m import { calculateShanten } from './shanten';
    [7m [0m [96m                                 ~~~~~~~~~~~[0m
    File is included via import here.
  [96m../scoring/src/benchmark.ts[0m:[93m2[0m:[93m34[0m
    [7m2[0m import { calculateShanten } from './shanten';
    [7m [0m [96m                                 ~~~~~~~~~~~[0m
    File is included via import here.


Found 22 errors in 10 files.

Errors  Files
     5  src/analyze_log.test.ts[90m:3[0m
     2  src/reproduce_issue.test.ts[90m:5[0m
     2  ../core/src/engine/defaultEngine.ts[90m:5[0m
     1  ../core/src/engine/rulesets.ts[90m:2[0m
     3  ../core/src/index.ts[90m:1[0m
     1  ../core/src/machine.ts[90m:4[0m
     1  ../core/src/messages.ts[90m:3[0m
     1  ../proto/src/index.ts[90m:1[0m
     5  ../scoring/src/index.ts[90m:1[0m
     1  ../scoring/src/points.ts[90m:2[0m
[41m[30m ELIFECYCLE [39m[49m [31mCommand failed with exit code 2.[39m
